// Jest Snapshot v1, https://goo.gl/fbAQLP

exports[`TargetingHostsPage renders 1`] = `
<div
  id="targeting_hosts"
>
  <Row
    bsClass="row"
    componentClass="div"
  >
    <Col
      bsClass="col"
      componentClass="div"
      md={6}
    >
      <SearchBar
        data={
          Object {
            "autocomplete": Object {
              "id": "targeting_hosts_search",
              "searchQuery": "",
              "url": "/hosts/auto_complete_search",
              "useKeyShortcuts": true,
            },
            "bookmarks": Object {
              "canCreate": true,
              "documentationUrl": "4.1.5Searching",
              "id": "targeting_hosts_search",
              "url": "/api/bookmarks",
            },
            "controller": "hosts",
          }
        }
        onBookmarkClick={[Function]}
        onChange={[Function]}
        onSearch={[Function]}
      />
    </Col>
  </Row>
  <TargetingHostsLabelsRow
    query={Object {}}
  />
  <br />
  <TargetingHosts
    apiStatus="RESOLVED"
    items={
      Array [
        Object {
          "actions": Array [],
          "link": "/link",
          "name": "host",
          "status": "success",
        },
        Object {
          "actions": Array [],
          "link": "/link2",
          "name": "host2",
          "status": "success",
        },
      ]
    }
  />
  <Pagination
    className="targeting-hosts-pagination"
    itemCount={1}
    onChange={[Function]}
    page={1}
    updateParamsByUrl={false}
  />
</div>
`;
