// Jest Snapshot v1, https://goo.gl/fbAQLP

exports[`HostActions renders HostActions with 0 actions 1`] = `""`;

exports[`HostActions renders HostActions with more actions 1`] = `
<div
  className="btn-group"
>
  <span
    className="btn btn-sm btn-default"
  >
    <a
      href="/1"
    >
      action one
    </a>
  </span>
  <a
    className="btn btn-default btn-sm dropdown-toggle"
    data-toggle="dropdown"
    href="#"
  >
    <span
      className="caret"
    />
  </a>
  <ul
    className="dropdown-menu pull-right"
  >
    <li
      key="/2"
    >
      <a
        href="/2"
      >
        action two
      </a>
    </li>
  </ul>
</div>
`;

exports[`HostActions renders HostActions with no actions 1`] = `""`;

exports[`HostActions renders HostActions with one action 1`] = `
<a
  className="btn btn-sm btn-default"
  href="/1"
>
  action one
</a>
`;
