// Jest Snapshot v1, https://goo.gl/fbAQLP

exports[`JobWizardPage rendering renders  1`] = `
<PageLayout
  breadcrumbOptions={
    Object {
      "breadcrumbItems": Array [
        Object {
          "caption": "Jobs",
          "url": "/jobs",
        },
        Object {
          "caption": "Run job",
        },
      ],
    }
  }
  header="Run job"
  searchable={false}
>
  <Title
    headingLevel="h2"
    size="2xl"
  >
    Run job
  </Title>
  <Divider
    component="div"
  />
  <JobWizard />
</PageLayout>
`;
