// Jest Snapshot v1, https://goo.gl/fbAQLP

exports[`AdvancedFields rendring 1`] = `
<Provider
  store={
    Object {
      "clearActions": [Function],
      "dispatch": [Function],
      "getActions": [Function],
      "getState": [Function],
      "replaceReducer": [Function],
      "subscribe": [Function],
    }
  }
>
  <AdvancedFields
    advancedValues={Object {}}
    setAdvancedValues={[MockFunction]}
  >
    <Title
      className="advanced-fields-title"
      headingLevel="h2"
    >
      <h2
        className="pf-c-title pf-m-xl advanced-fields-title"
      >
        Advanced Fields
      </h2>
    </Title>
    <Form
      autoComplete="off"
      id="advanced-fields-job-template"
    >
      <form
        autoComplete="off"
        className="pf-c-form"
        id="advanced-fields-job-template"
        noValidate={true}
      >
        <TemplateInputsFields
          inputs={
            Array [
              Object {
                "advanced": true,
                "default": "Default val",
                "description": "some Description",
                "hidden_value": true,
                "input_type": "user",
                "name": "adv plain hidden",
                "required": true,
                "resource_type": "ansible_roles",
                "value_type": "plain",
              },
            ]
          }
          setValue={[Function]}
          value={Object {}}
        >
          <mockConstructor
            fieldId="adv plain hidden"
            isRequired={true}
            key="adv plain hidden"
            label="adv plain hidden"
            labelIcon={
              <Popover
                aria-label="help-text"
                bodyContent="some Description"
                id="adv plain hidden-help"
              >
                <button
                  aria-label="open-help-tooltip-button"
                  className="pf-c-form__group-label-help"
                  onClick={[Function]}
                  type="button"
                >
                  <HelpIcon
                    color="currentColor"
                    noVerticalAlign={true}
                    size="sm"
                  />
                </button>
              </Popover>
            }
          >
            <div />
          </mockConstructor>
        </TemplateInputsFields>
        <EffectiveUserField
          setValue={[Function]}
          value=""
        >
          <mockConstructor
            fieldId="effective-user"
            label="Effective user"
            labelIcon={
              <Popover
                aria-label="help-text"
                bodyContent="A user to be used for executing the script. If it differs from the SSH user, su or sudo is used to switch the accounts."
                id="effective-user-help"
              >
                <button
                  aria-label="open-help-tooltip-button"
                  className="pf-c-form__group-label-help"
                  onClick={[Function]}
                  type="button"
                >
                  <HelpIcon
                    color="currentColor"
                    noVerticalAlign={true}
                    size="sm"
                  />
                </button>
              </Popover>
            }
          >
            <div />
          </mockConstructor>
        </EffectiveUserField>
        <TimeoutToKillField
          setValue={[Function]}
          value=""
        >
          <NumberInput
            formProps={
              Object {
                "fieldId": "timeout-to-kill",
                "label": "Timeout to kill",
                "labelIcon": <Popover
                  aria-label="help-text"
                  bodyContent="Time in seconds from the start on the remote host after which the job should be killed."
                  id="timeout-to-kill-help"
                >
                  <button
                    aria-label="open-help-tooltip-button"
                    className="pf-c-form__group-label-help"
                    onClick={[Function]}
                    type="button"
                  >
                    <HelpIcon
                      color="currentColor"
                      noVerticalAlign={true}
                      size="sm"
                    />
                  </button>
                </Popover>,
              }
            }
            inputProps={
              Object {
                "autoComplete": "timeout-to-kill",
                "id": "timeout-to-kill",
                "onChange": [Function],
                "placeholder": "For example: 1, 2, 3, 4, 5...",
                "value": "",
              }
            }
          >
            <mockConstructor
              fieldId="timeout-to-kill"
              helperTextInvalid="Has to be a number"
              label="Timeout to kill"
              labelIcon={
                <Popover
                  aria-label="help-text"
                  bodyContent="Time in seconds from the start on the remote host after which the job should be killed."
                  id="timeout-to-kill-help"
                >
                  <button
                    aria-label="open-help-tooltip-button"
                    className="pf-c-form__group-label-help"
                    onClick={[Function]}
                    type="button"
                  >
                    <HelpIcon
                      color="currentColor"
                      noVerticalAlign={true}
                      size="sm"
                    />
                  </button>
                </Popover>
              }
            >
              <div />
            </mockConstructor>
          </NumberInput>
        </TimeoutToKillField>
        <PasswordField
          setValue={[Function]}
          value=""
        >
          <mockConstructor
            fieldId="job-password"
            label="Password"
            labelIcon={
              <Popover
                aria-label="help-text"
                bodyContent="Password is stored encrypted in DB until the job finishes. For future or recurring executions, it is removed after the last execution."
                id="password-help"
              >
                <button
                  aria-label="open-help-tooltip-button"
                  className="pf-c-form__group-label-help"
                  onClick={[Function]}
                  type="button"
                >
                  <HelpIcon
                    color="currentColor"
                    noVerticalAlign={true}
                    size="sm"
                  />
                </button>
              </Popover>
            }
          >
            <div />
          </mockConstructor>
        </PasswordField>
        <KeyPassphraseField
          setValue={[Function]}
          value=""
        >
          <mockConstructor
            fieldId="key-passphrase"
            label="Private key passphrase"
            labelIcon={
              <Popover
                aria-label="help-text"
                bodyContent="Key passphrase is only applicable for SSH provider. Other providers ignore this field. Passphrase is stored encrypted in DB until the job finishes. For future or recurring executions, it is removed after the last execution."
                id="key-passphrase-help"
              >
                <button
                  aria-label="open-help-tooltip-button"
                  className="pf-c-form__group-label-help"
                  onClick={[Function]}
                  type="button"
                >
                  <HelpIcon
                    color="currentColor"
                    noVerticalAlign={true}
                    size="sm"
                  />
                </button>
              </Popover>
            }
          >
            <div />
          </mockConstructor>
        </KeyPassphraseField>
        <EffectiveUserPasswordField
          setValue={[Function]}
          value=""
        >
          <mockConstructor
            fieldId="effective-user-password"
            label="Effective user password"
            labelIcon={
              <Popover
                aria-label="help-text"
                bodyContent="Effective user password is only applicable for SSH provider. Other providers ignore this field. Password is stored encrypted in DB until the job finishes. For future or recurring executions, it is removed after the last execution."
                id="effective-user-password-help"
              >
                <button
                  aria-label="open-help-tooltip-button"
                  className="pf-c-form__group-label-help"
                  onClick={[Function]}
                  type="button"
                >
                  <HelpIcon
                    color="currentColor"
                    noVerticalAlign={true}
                    size="sm"
                  />
                </button>
              </Popover>
            }
          >
            <div />
          </mockConstructor>
        </EffectiveUserPasswordField>
        <ConcurrencyLevelField
          setValue={[Function]}
          value=""
        >
          <NumberInput
            formProps={
              Object {
                "fieldId": "concurrency-level",
                "label": "Concurrency level",
                "labelIcon": <Popover
                  aria-label="help-text"
                  bodyContent="Run at most N tasks at a time. If this is set and proxy batch triggering is enabled, then tasks are triggered on the smart proxy in batches of size 1."
                  id="concurrency-level-help"
                >
                  <button
                    aria-label="open-help-tooltip-button"
                    className="pf-c-form__group-label-help"
                    onClick={[Function]}
                    type="button"
                  >
                    <HelpIcon
                      color="currentColor"
                      noVerticalAlign={true}
                      size="sm"
                    />
                  </button>
                </Popover>,
              }
            }
            inputProps={
              Object {
                "autoComplete": "concurrency-level",
                "id": "concurrency-level",
                "min": 1,
                "onChange": [Function],
                "placeholder": "For example: 1, 2, 3, 4, 5...",
                "value": "",
              }
            }
          >
            <mockConstructor
              fieldId="concurrency-level"
              helperTextInvalid="Has to be a number"
              label="Concurrency level"
              labelIcon={
                <Popover
                  aria-label="help-text"
                  bodyContent="Run at most N tasks at a time. If this is set and proxy batch triggering is enabled, then tasks are triggered on the smart proxy in batches of size 1."
                  id="concurrency-level-help"
                >
                  <button
                    aria-label="open-help-tooltip-button"
                    className="pf-c-form__group-label-help"
                    onClick={[Function]}
                    type="button"
                  >
                    <HelpIcon
                      color="currentColor"
                      noVerticalAlign={true}
                      size="sm"
                    />
                  </button>
                </Popover>
              }
            >
              <div />
            </mockConstructor>
          </NumberInput>
        </ConcurrencyLevelField>
        <TimeSpanLevelField
          setValue={[Function]}
          value=""
        >
          <NumberInput
            formProps={
              Object {
                "fieldId": "time-span",
                "label": "Time span",
                "labelIcon": <Popover
                  aria-label="help-text"
                  bodyContent="Distribute execution over N seconds. If this is set and proxy batch triggering is enabled, then tasks are triggered on the smart proxy in batches of size 1."
                  id="time-span-help"
                >
                  <button
                    aria-label="open-help-tooltip-button"
                    className="pf-c-form__group-label-help"
                    onClick={[Function]}
                    type="button"
                  >
                    <HelpIcon
                      color="currentColor"
                      noVerticalAlign={true}
                      size="sm"
                    />
                  </button>
                </Popover>,
              }
            }
            inputProps={
              Object {
                "autoComplete": "time-span",
                "id": "time-span",
                "min": 1,
                "onChange": [Function],
                "placeholder": "For example: 1, 2, 3, 4, 5...",
                "value": "",
              }
            }
          >
            <mockConstructor
              fieldId="time-span"
              helperTextInvalid="Has to be a number"
              label="Time span"
              labelIcon={
                <Popover
                  aria-label="help-text"
                  bodyContent="Distribute execution over N seconds. If this is set and proxy batch triggering is enabled, then tasks are triggered on the smart proxy in batches of size 1."
                  id="time-span-help"
                >
                  <button
                    aria-label="open-help-tooltip-button"
                    className="pf-c-form__group-label-help"
                    onClick={[Function]}
                    type="button"
                  >
                    <HelpIcon
                      color="currentColor"
                      noVerticalAlign={true}
                      size="sm"
                    />
                  </button>
                </Popover>
              }
            >
              <div />
            </mockConstructor>
          </NumberInput>
        </TimeSpanLevelField>
      </form>
    </Form>
  </AdvancedFields>
</Provider>
`;
