// Jest Snapshot v1, https://goo.gl/fbAQLP

exports[`RexInterface renders 1`] = `
<FormGroup
  fieldId="reg_rex_interface"
  label="Remote Execution Interface"
  labelIcon={
    <LabelIcon
      text="Identifier of the Host interface for Remote execution"
    />
  }
>
  <TextInput
    id="reg_rex_interface_input"
    isDisabled={false}
    onBlur={[Function]}
    ouiaId="reg_rex_interface_input"
    type="text"
  />
</FormGroup>
`;
